// Vitest Snapshot v1, https://vitest.dev/guide/snapshot.html

exports[`MyAwesomeApp > should match snapshot 1`] = `
<div>
  <div
    data-testid="div-app"
  >
    <h1
      data-testid="first-name-title"
    >
       Hola 
      Ana
       
    </h1>
    <h3>
       
      Sofia
       
    </h3>
    <p
      class="mi-clase-favorita"
    >
       
      Devil May Cry, Metal Gear Rising Revenge, Minecraft
       
    </p>
    <h1>
       
      Active
       
    </h1>
    <p
      style="background-color: rgb(156, 171, 191); font-family: monospace; font-size: 24px; font-weight: 700; margin: 20px;"
    >
       
      {"zipCode":"xdxd","country":"Colmbia"}
       
    </p>
  </div>
</div>
`;
